// Jest Snapshot v1, https://goo.gl/fbAQLP

exports[`App component renders App 1`] = `
<DocumentFragment>
  <div
    data-testid="display"
  >
    <h1>
      Welcome to the News Searcher!
    </h1>
    Search for news articles:
    <form>
      <label
        for="search"
      >
        search
      </label>
      <input
        id="search"
        placeholder="search the news"
        type="text"
        value="news"
      />
      <button>
        Search
      </button>
    </form>
    <ul
      data-testid="display"
    />
    <ul
      data-testid="display"
    />
  </div>
</DocumentFragment>
`;
